src/routes.ts(148,8): error TS1192: Module '"C:/Users/Suan/Projects/Perfume/perfume-frontend/src/pages/admin/inventories/create/index"' has no default export.
