src/components/admin/inventory/form/inventory-form.tsx(25,5): error TS2322: Type 'Resolver<{ productVariantId: unknown; type: "PURCHASE" | "SALE" | "DAMAGED" | "ADJUSTMENT_IN" | "ADJUSTMENT_OUT" | "RETURN_FROM_CUSTOMER" | "RETURN_TO_SUPPLIER"; quantity: unknown; unitCost?: unknown; }, any, { ...; }>' is not assignable to type 'Resolver<{ productVariantId: number; type: "PURCHASE" | "SALE" | "DAMAGED" | "ADJUSTMENT_IN" | "ADJUSTMENT_OUT" | "RETURN_FROM_CUSTOMER" | "RETURN_TO_SUPPLIER"; quantity: number; unitCost?: number | undefined; }, any, { ...; }>'.
  Types of parameters 'options' and 'options' are incompatible.
    Type 'ResolverOptions<{ productVariantId: number; type: "PURCHASE" | "SALE" | "DAMAGED" | "ADJUSTMENT_IN" | "ADJUSTMENT_OUT" | "RETURN_FROM_CUSTOMER" | "RETURN_TO_SUPPLIER"; quantity: number; unitCost?: number | undefined; }>' is not assignable to type 'ResolverOptions<{ productVariantId: unknown; type: "PURCHASE" | "SALE" | "DAMAGED" | "ADJUSTMENT_IN" | "ADJUSTMENT_OUT" | "RETURN_FROM_CUSTOMER" | "RETURN_TO_SUPPLIER"; quantity: unknown; unitCost?: unknown; }>'.
      Type 'unknown' is not assignable to type 'number'.
src/components/admin/inventory/form/inventory-form.tsx(37,41): error TS2345: Argument of type '(values: { productVariantId: number; type: "PURCHASE" | "SALE" | "DAMAGED" | "ADJUSTMENT_IN" | "ADJUSTMENT_OUT" | "RETURN_FROM_CUSTOMER" | "RETURN_TO_SUPPLIER"; quantity: number; unitCost?: number | undefined; }) => void' is not assignable to parameter of type 'SubmitHandler<TFieldValues>'.
  Types of parameters 'values' and 'data' are incompatible.
    Type 'TFieldValues' is not assignable to type '{ productVariantId: number; type: "PURCHASE" | "SALE" | "DAMAGED" | "ADJUSTMENT_IN" | "ADJUSTMENT_OUT" | "RETURN_FROM_CUSTOMER" | "RETURN_TO_SUPPLIER"; quantity: number; unitCost?: number | undefined; }'.
      Type 'FieldValues' is missing the following properties from type '{ productVariantId: number; type: "PURCHASE" | "SALE" | "DAMAGED" | "ADJUSTMENT_IN" | "ADJUSTMENT_OUT" | "RETURN_FROM_CUSTOMER" | "RETURN_TO_SUPPLIER"; quantity: number; unitCost?: number | undefined; }': productVariantId, type, quantity
src/components/admin/inventory/form/inventory-form.tsx(39,11): error TS2322: Type 'Control<{ productVariantId: number; type: "PURCHASE" | "SALE" | "DAMAGED" | "ADJUSTMENT_IN" | "ADJUSTMENT_OUT" | "RETURN_FROM_CUSTOMER" | "RETURN_TO_SUPPLIER"; quantity: number; unitCost?: number | undefined; }, any, TFieldValues>' is not assignable to type 'Control<{ productVariantId: number; type: "PURCHASE" | "SALE" | "DAMAGED" | "ADJUSTMENT_IN" | "ADJUSTMENT_OUT" | "RETURN_FROM_CUSTOMER" | "RETURN_TO_SUPPLIER"; quantity: number; unitCost?: number | undefined; }, any, { ...; }>'.
  The types of '_options.resolver' are incompatible between these types.
    Type 'Resolver<{ productVariantId: number; type: "PURCHASE" | "SALE" | "DAMAGED" | "ADJUSTMENT_IN" | "ADJUSTMENT_OUT" | "RETURN_FROM_CUSTOMER" | "RETURN_TO_SUPPLIER"; quantity: number; unitCost?: number | undefined; }, any, TFieldValues> | undefined' is not assignable to type 'Resolver<{ productVariantId: number; type: "PURCHASE" | "SALE" | "DAMAGED" | "ADJUSTMENT_IN" | "ADJUSTMENT_OUT" | "RETURN_FROM_CUSTOMER" | "RETURN_TO_SUPPLIER"; quantity: number; unitCost?: number | undefined; }, any, { ...; }> | undefined'.
      Type 'Resolver<{ productVariantId: number; type: "PURCHASE" | "SALE" | "DAMAGED" | "ADJUSTMENT_IN" | "ADJUSTMENT_OUT" | "RETURN_FROM_CUSTOMER" | "RETURN_TO_SUPPLIER"; quantity: number; unitCost?: number | undefined; }, any, TFieldValues>' is not assignable to type 'Resolver<{ productVariantId: number; type: "PURCHASE" | "SALE" | "DAMAGED" | "ADJUSTMENT_IN" | "ADJUSTMENT_OUT" | "RETURN_FROM_CUSTOMER" | "RETURN_TO_SUPPLIER"; quantity: number; unitCost?: number | undefined; }, any, { ...; }>'.
        Type 'TFieldValues' is not assignable to type '{ productVariantId: number; type: "PURCHASE" | "SALE" | "DAMAGED" | "ADJUSTMENT_IN" | "ADJUSTMENT_OUT" | "RETURN_FROM_CUSTOMER" | "RETURN_TO_SUPPLIER"; quantity: number; unitCost?: number | undefined; }'.
          Type 'FieldValues' is missing the following properties from type '{ productVariantId: number; type: "PURCHASE" | "SALE" | "DAMAGED" | "ADJUSTMENT_IN" | "ADJUSTMENT_OUT" | "RETURN_FROM_CUSTOMER" | "RETURN_TO_SUPPLIER"; quantity: number; unitCost?: number | undefined; }': productVariantId, type, quantity
src/components/admin/inventory/form/inventory-form.tsx(64,13): error TS2322: Type 'Control<{ productVariantId: number; type: "PURCHASE" | "SALE" | "DAMAGED" | "ADJUSTMENT_IN" | "ADJUSTMENT_OUT" | "RETURN_FROM_CUSTOMER" | "RETURN_TO_SUPPLIER"; quantity: number; unitCost?: number | undefined; }, any, TFieldValues>' is not assignable to type 'Control<{ productVariantId: number; type: "PURCHASE" | "SALE" | "DAMAGED" | "ADJUSTMENT_IN" | "ADJUSTMENT_OUT" | "RETURN_FROM_CUSTOMER" | "RETURN_TO_SUPPLIER"; quantity: number; unitCost?: number | undefined; }, any, { ...; }>'.
  The types of '_options.resolver' are incompatible between these types.
    Type 'Resolver<{ productVariantId: number; type: "PURCHASE" | "SALE" | "DAMAGED" | "ADJUSTMENT_IN" | "ADJUSTMENT_OUT" | "RETURN_FROM_CUSTOMER" | "RETURN_TO_SUPPLIER"; quantity: number; unitCost?: number | undefined; }, any, TFieldValues> | undefined' is not assignable to type 'Resolver<{ productVariantId: number; type: "PURCHASE" | "SALE" | "DAMAGED" | "ADJUSTMENT_IN" | "ADJUSTMENT_OUT" | "RETURN_FROM_CUSTOMER" | "RETURN_TO_SUPPLIER"; quantity: number; unitCost?: number | undefined; }, any, { ...; }> | undefined'.
      Type 'Resolver<{ productVariantId: number; type: "PURCHASE" | "SALE" | "DAMAGED" | "ADJUSTMENT_IN" | "ADJUSTMENT_OUT" | "RETURN_FROM_CUSTOMER" | "RETURN_TO_SUPPLIER"; quantity: number; unitCost?: number | undefined; }, any, TFieldValues>' is not assignable to type 'Resolver<{ productVariantId: number; type: "PURCHASE" | "SALE" | "DAMAGED" | "ADJUSTMENT_IN" | "ADJUSTMENT_OUT" | "RETURN_FROM_CUSTOMER" | "RETURN_TO_SUPPLIER"; quantity: number; unitCost?: number | undefined; }, any, { ...; }>'.
        Type 'TFieldValues' is not assignable to type '{ productVariantId: number; type: "PURCHASE" | "SALE" | "DAMAGED" | "ADJUSTMENT_IN" | "ADJUSTMENT_OUT" | "RETURN_FROM_CUSTOMER" | "RETURN_TO_SUPPLIER"; quantity: number; unitCost?: number | undefined; }'.
          Type 'FieldValues' is missing the following properties from type '{ productVariantId: number; type: "PURCHASE" | "SALE" | "DAMAGED" | "ADJUSTMENT_IN" | "ADJUSTMENT_OUT" | "RETURN_FROM_CUSTOMER" | "RETURN_TO_SUPPLIER"; quantity: number; unitCost?: number | undefined; }': productVariantId, type, quantity
src/components/admin/inventory/form/inventory-form.tsx(83,13): error TS2322: Type 'Control<{ productVariantId: number; type: "PURCHASE" | "SALE" | "DAMAGED" | "ADJUSTMENT_IN" | "ADJUSTMENT_OUT" | "RETURN_FROM_CUSTOMER" | "RETURN_TO_SUPPLIER"; quantity: number; unitCost?: number | undefined; }, any, TFieldValues>' is not assignable to type 'Control<{ productVariantId: number; type: "PURCHASE" | "SALE" | "DAMAGED" | "ADJUSTMENT_IN" | "ADJUSTMENT_OUT" | "RETURN_FROM_CUSTOMER" | "RETURN_TO_SUPPLIER"; quantity: number; unitCost?: number | undefined; }, any, { ...; }>'.
  The types of '_options.resolver' are incompatible between these types.
    Type 'Resolver<{ productVariantId: number; type: "PURCHASE" | "SALE" | "DAMAGED" | "ADJUSTMENT_IN" | "ADJUSTMENT_OUT" | "RETURN_FROM_CUSTOMER" | "RETURN_TO_SUPPLIER"; quantity: number; unitCost?: number | undefined; }, any, TFieldValues> | undefined' is not assignable to type 'Resolver<{ productVariantId: number; type: "PURCHASE" | "SALE" | "DAMAGED" | "ADJUSTMENT_IN" | "ADJUSTMENT_OUT" | "RETURN_FROM_CUSTOMER" | "RETURN_TO_SUPPLIER"; quantity: number; unitCost?: number | undefined; }, any, { ...; }> | undefined'.
      Type 'Resolver<{ productVariantId: number; type: "PURCHASE" | "SALE" | "DAMAGED" | "ADJUSTMENT_IN" | "ADJUSTMENT_OUT" | "RETURN_FROM_CUSTOMER" | "RETURN_TO_SUPPLIER"; quantity: number; unitCost?: number | undefined; }, any, TFieldValues>' is not assignable to type 'Resolver<{ productVariantId: number; type: "PURCHASE" | "SALE" | "DAMAGED" | "ADJUSTMENT_IN" | "ADJUSTMENT_OUT" | "RETURN_FROM_CUSTOMER" | "RETURN_TO_SUPPLIER"; quantity: number; unitCost?: number | undefined; }, any, { ...; }>'.
        Type 'TFieldValues' is not assignable to type '{ productVariantId: number; type: "PURCHASE" | "SALE" | "DAMAGED" | "ADJUSTMENT_IN" | "ADJUSTMENT_OUT" | "RETURN_FROM_CUSTOMER" | "RETURN_TO_SUPPLIER"; quantity: number; unitCost?: number | undefined; }'.
          Type 'FieldValues' is missing the following properties from type '{ productVariantId: number; type: "PURCHASE" | "SALE" | "DAMAGED" | "ADJUSTMENT_IN" | "ADJUSTMENT_OUT" | "RETURN_FROM_CUSTOMER" | "RETURN_TO_SUPPLIER"; quantity: number; unitCost?: number | undefined; }': productVariantId, type, quantity
src/components/admin/inventory/form/inventory-form.tsx(104,13): error TS2322: Type 'Control<{ productVariantId: number; type: "PURCHASE" | "SALE" | "DAMAGED" | "ADJUSTMENT_IN" | "ADJUSTMENT_OUT" | "RETURN_FROM_CUSTOMER" | "RETURN_TO_SUPPLIER"; quantity: number; unitCost?: number | undefined; }, any, TFieldValues>' is not assignable to type 'Control<{ productVariantId: number; type: "PURCHASE" | "SALE" | "DAMAGED" | "ADJUSTMENT_IN" | "ADJUSTMENT_OUT" | "RETURN_FROM_CUSTOMER" | "RETURN_TO_SUPPLIER"; quantity: number; unitCost?: number | undefined; }, any, { ...; }>'.
  The types of '_options.resolver' are incompatible between these types.
    Type 'Resolver<{ productVariantId: number; type: "PURCHASE" | "SALE" | "DAMAGED" | "ADJUSTMENT_IN" | "ADJUSTMENT_OUT" | "RETURN_FROM_CUSTOMER" | "RETURN_TO_SUPPLIER"; quantity: number; unitCost?: number | undefined; }, any, TFieldValues> | undefined' is not assignable to type 'Resolver<{ productVariantId: number; type: "PURCHASE" | "SALE" | "DAMAGED" | "ADJUSTMENT_IN" | "ADJUSTMENT_OUT" | "RETURN_FROM_CUSTOMER" | "RETURN_TO_SUPPLIER"; quantity: number; unitCost?: number | undefined; }, any, { ...; }> | undefined'.
      Type 'Resolver<{ productVariantId: number; type: "PURCHASE" | "SALE" | "DAMAGED" | "ADJUSTMENT_IN" | "ADJUSTMENT_OUT" | "RETURN_FROM_CUSTOMER" | "RETURN_TO_SUPPLIER"; quantity: number; unitCost?: number | undefined; }, any, TFieldValues>' is not assignable to type 'Resolver<{ productVariantId: number; type: "PURCHASE" | "SALE" | "DAMAGED" | "ADJUSTMENT_IN" | "ADJUSTMENT_OUT" | "RETURN_FROM_CUSTOMER" | "RETURN_TO_SUPPLIER"; quantity: number; unitCost?: number | undefined; }, any, { ...; }>'.
        Type 'TFieldValues' is not assignable to type '{ productVariantId: number; type: "PURCHASE" | "SALE" | "DAMAGED" | "ADJUSTMENT_IN" | "ADJUSTMENT_OUT" | "RETURN_FROM_CUSTOMER" | "RETURN_TO_SUPPLIER"; quantity: number; unitCost?: number | undefined; }'.
          Type 'FieldValues' is missing the following properties from type '{ productVariantId: number; type: "PURCHASE" | "SALE" | "DAMAGED" | "ADJUSTMENT_IN" | "ADJUSTMENT_OUT" | "RETURN_FROM_CUSTOMER" | "RETURN_TO_SUPPLIER"; quantity: number; unitCost?: number | undefined; }': productVariantId, type, quantity
src/routes.ts(148,8): error TS1192: Module '"C:/Users/Suan/Projects/Perfume/perfume-frontend/src/pages/admin/inventories/create/index"' has no default export.
